Find powers of 2 easily
Enter an integer to be the exponent
input-> 10
  1024 
