This function will square an input number...input a number that is less than 20 below
input-> 4 
The square of your number is:     16 
