Enter number of rows: input-> 5
*
* *
* * *
* * * *
* * * * *

