If you started with 1 dollar and doubled it every day it would take this many day to reach 1 million dollars:     20 

